Diagnose log at 2026-09-16T13:04:19Z

AppPath: C:\Program Files\Git\mingw64\bin\git-credential-manager.exe
InstallDir: C:\Program Files\Git\mingw64\bin\
Version: 2.9.1+6760f0ef069c994aa2bb1d703fb374986ee82a3e

------------
Diagnostic: Environment
Skipped: False
Success: True
Exception: None
Log:
OSType: Windows
OSVersion: 10.0 (build 26200)
Reading environment variables... OK
 Variables:
SESSIONNAME=Console
ProgramFiles(x86)=C:\Program Files (x86)
MSYSTEM=MINGW64
ProgramW6432=C:\Program Files
PROCESSOR_IDENTIFIER=Intel64 Family 6 Model 126 Stepping 5, GenuineIntel
OnlineServices=Online Services
PROCESSOR_ARCHITECTURE=AMD64
VSCODE_INJECTION=1
Path=C:/Program Files/Git/mingw64/libexec/git-core;C:\Program Files\Git\mingw64\bin;C:\Program Files\Git\usr\bin;C:\Users\HP\bin;C:\WINDOWS\system32;C:\WINDOWS;C:\WINDOWS\System32\Wbem;C:\WINDOWS\System32\WindowsPowerShell\v1.0\;C:\WINDOWS\System32\OpenSSH\;C:\Program Files (x86)\dotnet\;C:\Program Files\IBM\SPSS\Statistics\25\JRE\bin;C:\Program Files\Git\cmd;C:\Program Files\dotnet\;C:\Users\HP\AppData\Local\Microsoft\WindowsApps;C:\Users\HP\AppData\Local\Programs\Microsoft VS Code\bin;C:\Users\HP\AppData\Local\Kingsoft\WPS Office\12.1.0.27458\clitool;C:\Users\HP\AppData\Local\Python\bin;C:\Users\HP\.dotnet\tools;C:\src\flutter\bin
USERPROFILE=C:\Users\HP
PROCESSOR_REVISION=7e05
TEMP=C:\Users\HP\AppData\Local\Temp
FPS_BROWSER_APP_PROFILE_STRING=Internet Explorer
FPS_BROWSER_USER_PROFILE_STRING=Default
LOGONSERVER=\\LAPTOP-6QG7JM9D
TERM=xterm-256color
USERNAME=HP
SystemRoot=C:\WINDOWS
CHROME_CRASHPAD_PIPE_NAME=\\.\pipe\crashpad_23864_BXJZSHGQWRGBYBIC
GIT_EXEC_PATH=C:/Program Files/Git/mingw64/libexec/git-core
PLINK_PROTOCOL=ssh
VSCODE_A11Y_MODE=1
OneDrive=C:\Users\HP\OneDrive
USERDOMAIN_ROAMINGPROFILE=LAPTOP-6QG7JM9D
VSCODE_NONCE=24e2725a-3c14-40c5-95b0-0cd1cb26feed
CommonProgramFiles=C:\Program Files\Common Files
ZES_ENABLE_SYSMAN=1
ProgramData=C:\ProgramData
platformcode=KV
HOMEPATH=\Users\HP
COMPUTERNAME=LAPTOP-6QG7JM9D
EFC_3360_2946480783=1
EFC_3360_4126798990=1
EFC_3360_2283032206=1
ALLUSERSPROFILE=C:\ProgramData
CommonProgramW6432=C:\Program Files\Common Files
TMP=C:\Users\HP\AppData\Local\Temp
EFC_3360_1592913036=1
DriverData=C:\Windows\System32\Drivers\DriverData
HOMEDRIVE=C:
WPSCLI_HOME=C:\Users\HP\AppData\Local\Kingsoft\WPS Office\12.1.0.27458\clitool
windir=C:\WINDOWS
GIT_TRACE2_PARENT_SID=6fc8ec94-0974-4f9a-8d68-e200b421f178
SystemDrive=C:
NUMBER_OF_PROCESSORS=8
OS=Windows_NT
EFC_3360_1262719628=1
ProgramFiles=C:\Program Files
ComSpec=C:\WINDOWS\system32\cmd.exe
VSCODE_STABLE=1
PATHEXT=.COM;.EXE;.BAT;.CMD;.VBS;.VBE;.JS;.JSE;.WSF;.WSH;.MSC;.CPL
HOME=C:\Users\HP
LANG=en_US.UTF-8
PSModulePath=C:\Users\HP\Documents\WindowsPowerShell\Modules;C:\Program Files\WindowsPowerShell\Modules;C:\WINDOWS\system32\WindowsPowerShell\v1.0\Modules
TMPDIR=C:\Users\HP\AppData\Local\Temp
APPDATA=C:\Users\HP\AppData\Roaming
USERDOMAIN=LAPTOP-6QG7JM9D
PROCESSOR_LEVEL=6
EFC_3360_2775293581=1
LOCALAPPDATA=C:\Users\HP\AppData\Local
TERM_PROGRAM_VERSION=1.137.0
EFC_3360_3789132940=1
CommonProgramFiles(x86)=C:\Program Files (x86)\Common Files
COLORTERM=truecolor
RegionCode=EMEA
PUBLIC=C:\Users\Public
TERM_PROGRAM=vscode


------------
Diagnostic: File system
Skipped: False
Success: True
Exception: None
Log:
Temporary directory is 'C:\Users\HP\AppData\Local\Temp\'...
Checking basic file I/O...
Writing to temporary file 'C:\Users\HP\AppData\Local\Temp\a092435aabae6430429d9e03'... OK
Reading from temporary file 'C:\Users\HP\AppData\Local\Temp\a092435aabae6430429d9e03'... OK
Deleting temporary file 'C:\Users\HP\AppData\Local\Temp\a092435aabae6430429d9e03'... OK
Testing IFileSystem instance...
UserHomePath: C:\Users\HP
UserDataDirectoryPath: C:\Users\HP\.gcm
GetCurrentDirectory(): C:\Users\HP\proyonetici

------------
Diagnostic: Networking
Skipped: False
Success: True
Exception: None
Log:
Checking networking and HTTP stack...
Creating HTTP client... OK
IsNetworkAvailable: True
Sending HEAD request to http://example.com... OK
Sending HEAD request to https://example.com... OK
Acquiring free TCP port... OK
Testing local HTTP loopback connections...
Creating new HTTP listener for http://localhost:60098/... OK
Waiting for loopback connection... OK
Writing response... OK
Waiting for response data... OK
Loopback connection data OK

------------
Diagnostic: Git
Skipped: False
Success: True
Exception: None
Log:
Getting Git version... OK
Git version is '2.55.0.windows.5'
Locating current repository...Git repository at 'C:/Users/HP/proyonetici/.git'
 OK
Listing all Git configuration... OK
Git configuration:
file:C:/Program Files/Git/etc/gitconfig	diff.astextplain.textconv=astextplain
file:C:/Program Files/Git/etc/gitconfig	filter.lfs.clean=git-lfs clean -- %f
file:C:/Program Files/Git/etc/gitconfig	filter.lfs.smudge=git-lfs smudge -- %f
file:C:/Program Files/Git/etc/gitconfig	filter.lfs.process=git-lfs filter-process
file:C:/Program Files/Git/etc/gitconfig	filter.lfs.required=true
file:C:/Program Files/Git/etc/gitconfig	http.sslbackend=schannel
file:C:/Program Files/Git/etc/gitconfig	core.autocrlf=true
file:C:/Program Files/Git/etc/gitconfig	core.fscache=true
file:C:/Program Files/Git/etc/gitconfig	core.symlinks=false
file:C:/Program Files/Git/etc/gitconfig	pull.rebase=false
file:C:/Program Files/Git/etc/gitconfig	credential.helper=manager
file:C:/Program Files/Git/etc/gitconfig	credential.https://dev.azure.com.usehttppath=true
file:C:/Program Files/Git/etc/gitconfig	init.defaultbranch=master
file:C:/Users/HP/.gitconfig	user.email=bagdatlimikailesat@gmail.com
file:C:/Users/HP/.gitconfig	user.name=bagdatlimikailesat-sketch
file:.git/config	core.repositoryformatversion=0
file:.git/config	core.filemode=false
file:.git/config	core.bare=false
file:.git/config	core.logallrefupdates=true
file:.git/config	core.symlinks=false
file:.git/config	core.ignorecase=true
file:.git/config	remote.origin.url=https://github.com/bagdatlimikailesat-sketch/PROYONETICISI.git
file:.git/config	remote.origin.fetch=+refs/heads/*:refs/remotes/origin/*


------------
Diagnostic: Credential storage
Skipped: False
Success: True
Exception: None
Log:
ICredentialStore instance is of type: CredentialStore
Writing test credential... OK
Reading test credential... OK
Deleting test credential... OK

------------
Diagnostic: Microsoft authentication (AAD/MSA)
Skipped: False
Success: True
Exception: None
Log:
Broker is not enabled.
Gathering MSAL token cache data... OK
CacheDirectory: C:\Users\HP\AppData\Local\.IdentityService
CacheFileName: msal.cache
CacheFilePath: C:\Users\HP\AppData\Local\.IdentityService\msal.cache
Creating cache helper... OK
Verifying MSAL token cache persistence... OK

------------
Diagnostic: GitHub API
Skipped: False
Success: True
Exception: None
Log:
Using 'https://github.com/' as API target.
Querying '/meta' endpoint... OK

